// Jest Snapshot v1, https://goo.gl/fbAQLP

exports[`Snapshot test 1`] = `
<RCTSafeAreaView
  emulateUnlessSupported={true}
>
  <View
    accessibilityIgnoresInvertColors={true}
    style={
      Object {
        "height": "100%",
        "width": "100%",
      }
    }
  >
    <Image
      source={
        Object {
          "testUri": "../../../app/assets/images/splash.jpg",
        }
      }
      style={
        Array [
          Object {
            "bottom": 0,
            "left": 0,
            "position": "absolute",
            "right": 0,
            "top": 0,
          },
          Object {
            "height": "100%",
            "width": "100%",
          },
          undefined,
        ]
      }
    />
  </View>
</RCTSafeAreaView>
`;
